// Jest Snapshot v1, https://goo.gl/fbAQLP

exports[`Button unstable_renderSubtreeIntoContainer 1`] = `
<button
  className="button"
>
  Hello
</button>
`;
